Archive member included because of file (symbol)

c:/program files/atmel/avr tools/avr toolchain/bin/../lib/gcc/avr/4.5.1/avr25\libgcc.a(_mulhi3.o)
                              main.o (__mulhi3)
c:/program files/atmel/avr tools/avr toolchain/bin/../lib/gcc/avr/4.5.1/avr25\libgcc.a(_mulsi3.o)
                              main.o (__mulsi3)
c:/program files/atmel/avr tools/avr toolchain/bin/../lib/gcc/avr/4.5.1/avr25\libgcc.a(_exit.o)
                              c:/program files/atmel/avr tools/avr toolchain/bin/../lib/gcc/avr/4.5.1/../../../../avr/lib/avr25/crttn13a.o (exit)
c:/program files/atmel/avr tools/avr toolchain/bin/../lib/gcc/avr/4.5.1/avr25\libgcc.a(_copy_data.o)
                              main.o (__do_copy_data)
c:/program files/atmel/avr tools/avr toolchain/bin/../lib/gcc/avr/4.5.1/avr25\libgcc.a(_clear_bss.o)
                              main.o (__do_clear_bss)
c:/program files/atmel/avr tools/avr toolchain/bin/../lib/gcc/avr/4.5.1/../../../../avr/lib/avr25\libc.a(eerd_byte_attiny13a.o)
                              main.o (__eerd_byte_tn13a)
c:/program files/atmel/avr tools/avr toolchain/bin/../lib/gcc/avr/4.5.1/../../../../avr/lib/avr25\libc.a(eerd_word_attiny13a.o)
                              main.o (__eerd_word_tn13a)
c:/program files/atmel/avr tools/avr toolchain/bin/../lib/gcc/avr/4.5.1/../../../../avr/lib/avr25\libc.a(eerd_block_attiny13a.o)
                              c:/program files/atmel/avr tools/avr toolchain/bin/../lib/gcc/avr/4.5.1/../../../../avr/lib/avr25\libc.a(eerd_word_attiny13a.o) (__eerd_blraw_tn13a)

Allocating common symbols
Common symbol       size              file

photoLevelLPF       0x1               main.o
adc_microphone_prev
                    0x2               main.o
evt                 0x1               main.o
timer_ON_MODE       0x2               main.o
photoLevel          0x1               main.o
blink               0x6               main.o
BRIGHT_LOW          0x1               main.o
triggerPhotoLevel   0x1               main.o
triggerSoundLevel   0x1               main.o
adc_photosensor     0x2               main.o
adc_microphone      0x2               main.o
HYST                0x1               main.o
WLag                0x1               main.o

Memory Configuration

Name             Origin             Length             Attributes
text             0x00000000         0x00002000         xr
data             0x00800060         0x0000ffa0         rw !x
eeprom           0x00810000         0x00010000         rw !x
fuse             0x00820000         0x00000400         rw !x
lock             0x00830000         0x00000400         rw !x
signature        0x00840000         0x00000400         rw !x
*default*        0x00000000         0xffffffff

Linker script and memory map

LOAD c:/program files/atmel/avr tools/avr toolchain/bin/../lib/gcc/avr/4.5.1/../../../../avr/lib/avr25/crttn13a.o
LOAD main.o
LOAD c:/program files/atmel/avr tools/avr toolchain/bin/../lib/gcc/avr/4.5.1/avr25\libgcc.a
LOAD c:/program files/atmel/avr tools/avr toolchain/bin/../lib/gcc/avr/4.5.1/../../../../avr/lib/avr25\libc.a
LOAD c:/program files/atmel/avr tools/avr toolchain/bin/../lib/gcc/avr/4.5.1/avr25\libgcc.a

.hash
 *(.hash)

.dynsym
 *(.dynsym)

.dynstr
 *(.dynstr)

.gnu.version
 *(.gnu.version)

.gnu.version_d
 *(.gnu.version_d)

.gnu.version_r
 *(.gnu.version_r)

.rel.init
 *(.rel.init)

.rela.init
 *(.rela.init)

.rel.text
 *(.rel.text)
 *(.rel.text.*)
 *(.rel.gnu.linkonce.t*)

.rela.text
 *(.rela.text)
 *(.rela.text.*)
 *(.rela.gnu.linkonce.t*)

.rel.fini
 *(.rel.fini)

.rela.fini
 *(.rela.fini)

.rel.rodata
 *(.rel.rodata)
 *(.rel.rodata.*)
 *(.rel.gnu.linkonce.r*)

.rela.rodata
 *(.rela.rodata)
 *(.rela.rodata.*)
 *(.rela.gnu.linkonce.r*)

.rel.data
 *(.rel.data)
 *(.rel.data.*)
 *(.rel.gnu.linkonce.d*)

.rela.data
 *(.rela.data)
 *(.rela.data.*)
 *(.rela.gnu.linkonce.d*)

.rel.ctors
 *(.rel.ctors)

.rela.ctors
 *(.rela.ctors)

.rel.dtors
 *(.rel.dtors)

.rela.dtors
 *(.rela.dtors)

.rel.got
 *(.rel.got)

.rela.got
 *(.rela.got)

.rel.bss
 *(.rel.bss)

.rela.bss
 *(.rela.bss)

.rel.plt
 *(.rel.plt)

.rela.plt
 *(.rela.plt)

.text           0x00000000      0x3f6
 *(.vectors)
 .vectors       0x00000000       0x14 c:/program files/atmel/avr tools/avr toolchain/bin/../lib/gcc/avr/4.5.1/../../../../avr/lib/avr25/crttn13a.o
                0x00000000                __vector_default
                0x00000000                __vectors
 *(.vectors)
 *(.progmem.gcc*)
 *(.progmem*)
                0x00000014                . = ALIGN (0x2)
                0x00000014                __trampolines_start = .
 *(.trampolines)
 .trampolines   0x00000014        0x0 linker stubs
 *(.trampolines*)
                0x00000014                __trampolines_end = .
 *(.jumptables)
 *(.jumptables*)
 *(.lowtext)
 *(.lowtext*)
                0x00000014                __ctors_start = .
 *(.ctors)
                0x00000014                __ctors_end = .
                0x00000014                __dtors_start = .
 *(.dtors)
                0x00000014                __dtors_end = .
 SORT(*)(.ctors)
 SORT(*)(.dtors)
 *(.init0)
 .init0         0x00000014        0x0 c:/program files/atmel/avr tools/avr toolchain/bin/../lib/gcc/avr/4.5.1/../../../../avr/lib/avr25/crttn13a.o
                0x00000014                __init
 *(.init0)
 *(.init1)
 *(.init1)
 *(.init2)
 .init2         0x00000014        0x8 c:/program files/atmel/avr tools/avr toolchain/bin/../lib/gcc/avr/4.5.1/../../../../avr/lib/avr25/crttn13a.o
 *(.init2)
 *(.init3)
 *(.init3)
 *(.init4)
 .init4         0x0000001c       0x16 c:/program files/atmel/avr tools/avr toolchain/bin/../lib/gcc/avr/4.5.1/avr25\libgcc.a(_copy_data.o)
                0x0000001c                __do_copy_data
 .init4         0x00000032       0x10 c:/program files/atmel/avr tools/avr toolchain/bin/../lib/gcc/avr/4.5.1/avr25\libgcc.a(_clear_bss.o)
                0x00000032                __do_clear_bss
 *(.init4)
 *(.init5)
 *(.init5)
 *(.init6)
 *(.init6)
 *(.init7)
 *(.init7)
 *(.init8)
 *(.init8)
 *(.init9)
 .init9         0x00000042        0x4 c:/program files/atmel/avr tools/avr toolchain/bin/../lib/gcc/avr/4.5.1/../../../../avr/lib/avr25/crttn13a.o
 *(.init9)
 *(.text)
 .text          0x00000046        0x2 c:/program files/atmel/avr tools/avr toolchain/bin/../lib/gcc/avr/4.5.1/../../../../avr/lib/avr25/crttn13a.o
                0x00000046                __bad_interrupt
                0x00000046                __vector_6
                0x00000046                __vector_7
                0x00000046                __vector_5
                0x00000046                __vector_4
                0x00000046                __vector_2
                0x00000046                __vector_8
                0x00000046                __vector_1
 .text          0x00000048      0x320 main.o
                0x00000048                filtr_1
                0x0000009c                startT1_div8_fastPWM_B
                0x000000ae                setLightBright
                0x000000d6                __vector_3
                0x00000176                __vector_9
                0x000001e8                stateMashine
                0x000002c0                main
 .text          0x00000368        0x0 c:/program files/atmel/avr tools/avr toolchain/bin/../lib/gcc/avr/4.5.1/avr25\libgcc.a(_mulhi3.o)
 .text          0x00000368        0x0 c:/program files/atmel/avr tools/avr toolchain/bin/../lib/gcc/avr/4.5.1/avr25\libgcc.a(_mulsi3.o)
 .text          0x00000368        0x0 c:/program files/atmel/avr tools/avr toolchain/bin/../lib/gcc/avr/4.5.1/avr25\libgcc.a(_exit.o)
 .text          0x00000368        0x0 c:/program files/atmel/avr tools/avr toolchain/bin/../lib/gcc/avr/4.5.1/avr25\libgcc.a(_copy_data.o)
 .text          0x00000368        0x0 c:/program files/atmel/avr tools/avr toolchain/bin/../lib/gcc/avr/4.5.1/avr25\libgcc.a(_clear_bss.o)
 .text          0x00000368        0x0 c:/program files/atmel/avr tools/avr toolchain/bin/../lib/gcc/avr/4.5.1/../../../../avr/lib/avr25\libc.a(eerd_byte_attiny13a.o)
 .text          0x00000368        0x0 c:/program files/atmel/avr tools/avr toolchain/bin/../lib/gcc/avr/4.5.1/../../../../avr/lib/avr25\libc.a(eerd_word_attiny13a.o)
 .text          0x00000368        0x0 c:/program files/atmel/avr tools/avr toolchain/bin/../lib/gcc/avr/4.5.1/../../../../avr/lib/avr25\libc.a(eerd_block_attiny13a.o)
                0x00000368                . = ALIGN (0x2)
 *(.text.*)
 .text.libgcc   0x00000368       0x24 c:/program files/atmel/avr tools/avr toolchain/bin/../lib/gcc/avr/4.5.1/avr25\libgcc.a(_mulhi3.o)
                0x00000368                __mulhi3
 .text.libgcc   0x0000038c       0x32 c:/program files/atmel/avr tools/avr toolchain/bin/../lib/gcc/avr/4.5.1/avr25\libgcc.a(_mulsi3.o)
                0x0000038c                __mulsi3
 .text.libgcc   0x000003be        0x0 c:/program files/atmel/avr tools/avr toolchain/bin/../lib/gcc/avr/4.5.1/avr25\libgcc.a(_exit.o)
 .text.libgcc   0x000003be        0x0 c:/program files/atmel/avr tools/avr toolchain/bin/../lib/gcc/avr/4.5.1/avr25\libgcc.a(_copy_data.o)
 .text.libgcc   0x000003be        0x0 c:/program files/atmel/avr tools/avr toolchain/bin/../lib/gcc/avr/4.5.1/avr25\libgcc.a(_clear_bss.o)
 .text.avr-libc
                0x000003be       0x10 c:/program files/atmel/avr tools/avr toolchain/bin/../lib/gcc/avr/4.5.1/../../../../avr/lib/avr25\libc.a(eerd_byte_attiny13a.o)
                0x000003be                __eerd_byte_tn13a
 .text.avr-libc
                0x000003ce        0x6 c:/program files/atmel/avr tools/avr toolchain/bin/../lib/gcc/avr/4.5.1/../../../../avr/lib/avr25\libc.a(eerd_word_attiny13a.o)
                0x000003ce                __eerd_word_tn13a
 .text.avr-libc
                0x000003d4       0x1e c:/program files/atmel/avr tools/avr toolchain/bin/../lib/gcc/avr/4.5.1/../../../../avr/lib/avr25\libc.a(eerd_block_attiny13a.o)
                0x000003d4                __eerd_block_tn13a
                0x000003d8                __eerd_blraw_tn13a
                0x000003f2                . = ALIGN (0x2)
 *(.fini9)
 .fini9         0x000003f2        0x0 c:/program files/atmel/avr tools/avr toolchain/bin/../lib/gcc/avr/4.5.1/avr25\libgcc.a(_exit.o)
                0x000003f2                _exit
                0x000003f2                exit
 *(.fini9)
 *(.fini8)
 *(.fini8)
 *(.fini7)
 *(.fini7)
 *(.fini6)
 *(.fini6)
 *(.fini5)
 *(.fini5)
 *(.fini4)
 *(.fini4)
 *(.fini3)
 *(.fini3)
 *(.fini2)
 *(.fini2)
 *(.fini1)
 *(.fini1)
 *(.fini0)
 .fini0         0x000003f2        0x4 c:/program files/atmel/avr tools/avr toolchain/bin/../lib/gcc/avr/4.5.1/avr25\libgcc.a(_exit.o)
 *(.fini0)
                0x000003f6                _etext = .

.data           0x00800060        0x4 load address 0x000003f6
                0x00800060                PROVIDE (__data_start, .)
 *(.data)
 .data          0x00800060        0x0 c:/program files/atmel/avr tools/avr toolchain/bin/../lib/gcc/avr/4.5.1/../../../../avr/lib/avr25/crttn13a.o
 .data          0x00800060        0x4 main.o
                0x00800060                mode
 .data          0x00800064        0x0 c:/program files/atmel/avr tools/avr toolchain/bin/../lib/gcc/avr/4.5.1/avr25\libgcc.a(_mulhi3.o)
 .data          0x00800064        0x0 c:/program files/atmel/avr tools/avr toolchain/bin/../lib/gcc/avr/4.5.1/avr25\libgcc.a(_mulsi3.o)
 .data          0x00800064        0x0 c:/program files/atmel/avr tools/avr toolchain/bin/../lib/gcc/avr/4.5.1/avr25\libgcc.a(_exit.o)
 .data          0x00800064        0x0 c:/program files/atmel/avr tools/avr toolchain/bin/../lib/gcc/avr/4.5.1/avr25\libgcc.a(_copy_data.o)
 .data          0x00800064        0x0 c:/program files/atmel/avr tools/avr toolchain/bin/../lib/gcc/avr/4.5.1/avr25\libgcc.a(_clear_bss.o)
 .data          0x00800064        0x0 c:/program files/atmel/avr tools/avr toolchain/bin/../lib/gcc/avr/4.5.1/../../../../avr/lib/avr25\libc.a(eerd_byte_attiny13a.o)
 .data          0x00800064        0x0 c:/program files/atmel/avr tools/avr toolchain/bin/../lib/gcc/avr/4.5.1/../../../../avr/lib/avr25\libc.a(eerd_word_attiny13a.o)
 .data          0x00800064        0x0 c:/program files/atmel/avr tools/avr toolchain/bin/../lib/gcc/avr/4.5.1/../../../../avr/lib/avr25\libc.a(eerd_block_attiny13a.o)
 *(.data*)
 *(.rodata)
 *(.rodata*)
 *(.gnu.linkonce.d*)
                0x00800064                . = ALIGN (0x2)
                0x00800064                _edata = .
                0x00800064                PROVIDE (__data_end, .)

.bss            0x00800064       0x1a
                0x00800064                PROVIDE (__bss_start, .)
 *(.bss)
 .bss           0x00800064        0x0 c:/program files/atmel/avr tools/avr toolchain/bin/../lib/gcc/avr/4.5.1/../../../../avr/lib/avr25/crttn13a.o
 .bss           0x00800064        0x4 main.o
                0x00800064                submode
                0x00800065                mirophone_cycle
 .bss           0x00800068        0x0 c:/program files/atmel/avr tools/avr toolchain/bin/../lib/gcc/avr/4.5.1/avr25\libgcc.a(_mulhi3.o)
 .bss           0x00800068        0x0 c:/program files/atmel/avr tools/avr toolchain/bin/../lib/gcc/avr/4.5.1/avr25\libgcc.a(_mulsi3.o)
 .bss           0x00800068        0x0 c:/program files/atmel/avr tools/avr toolchain/bin/../lib/gcc/avr/4.5.1/avr25\libgcc.a(_exit.o)
 .bss           0x00800068        0x0 c:/program files/atmel/avr tools/avr toolchain/bin/../lib/gcc/avr/4.5.1/avr25\libgcc.a(_copy_data.o)
 .bss           0x00800068        0x0 c:/program files/atmel/avr tools/avr toolchain/bin/../lib/gcc/avr/4.5.1/avr25\libgcc.a(_clear_bss.o)
 .bss           0x00800068        0x0 c:/program files/atmel/avr tools/avr toolchain/bin/../lib/gcc/avr/4.5.1/../../../../avr/lib/avr25\libc.a(eerd_byte_attiny13a.o)
 .bss           0x00800068        0x0 c:/program files/atmel/avr tools/avr toolchain/bin/../lib/gcc/avr/4.5.1/../../../../avr/lib/avr25\libc.a(eerd_word_attiny13a.o)
 .bss           0x00800068        0x0 c:/program files/atmel/avr tools/avr toolchain/bin/../lib/gcc/avr/4.5.1/../../../../avr/lib/avr25\libc.a(eerd_block_attiny13a.o)
 *(.bss*)
 *(COMMON)
 COMMON         0x00800068       0x16 main.o
                0x00800068                photoLevelLPF
                0x00800069                adc_microphone_prev
                0x0080006b                evt
                0x0080006c                timer_ON_MODE
                0x0080006e                photoLevel
                0x0080006f                blink
                0x00800075                BRIGHT_LOW
                0x00800076                triggerPhotoLevel
                0x00800077                triggerSoundLevel
                0x00800078                adc_photosensor
                0x0080007a                adc_microphone
                0x0080007c                HYST
                0x0080007d                WLag
                0x0080007e                PROVIDE (__bss_end, .)
                0x000003f6                __data_load_start = LOADADDR (.data)
                0x000003fa                __data_load_end = (__data_load_start + SIZEOF (.data))

.noinit         0x0080007e        0x0
                0x0080007e                PROVIDE (__noinit_start, .)
 *(.noinit*)
                0x0080007e                PROVIDE (__noinit_end, .)
                0x0080007e                _end = .
                0x0080007e                PROVIDE (__heap_start, .)

.eeprom         0x00810000        0x6
 *(.eeprom*)
 .eeprom        0x00810000        0x6 main.o
                0x00810000                triggerPhotoLevel_EEMEM
                0x00810001                triggerSoundLevel_EEMEM
                0x00810002                WLag_EEMEM
                0x00810003                BRIGHT_LOW_EEMEM
                0x00810004                timer_ON_MODE_EEMEM
                0x00810006                __eeprom_end = .

.fuse
 *(.fuse)
 *(.lfuse)
 *(.hfuse)
 *(.efuse)

.lock
 *(.lock*)

.signature
 *(.signature*)

.stab           0x00000000      0x888
 *(.stab)
 .stab          0x00000000      0x6b4 c:/program files/atmel/avr tools/avr toolchain/bin/../lib/gcc/avr/4.5.1/../../../../avr/lib/avr25/crttn13a.o
 .stab          0x000006b4       0x90 c:/program files/atmel/avr tools/avr toolchain/bin/../lib/gcc/avr/4.5.1/../../../../avr/lib/avr25\libc.a(eerd_byte_attiny13a.o)
                                 0x9c (size before relaxing)
 .stab          0x00000744       0x54 c:/program files/atmel/avr tools/avr toolchain/bin/../lib/gcc/avr/4.5.1/../../../../avr/lib/avr25\libc.a(eerd_word_attiny13a.o)
                                 0x60 (size before relaxing)
 .stab          0x00000798       0xf0 c:/program files/atmel/avr tools/avr toolchain/bin/../lib/gcc/avr/4.5.1/../../../../avr/lib/avr25\libc.a(eerd_block_attiny13a.o)
                                 0xfc (size before relaxing)

.stabstr        0x00000000      0x1af
 *(.stabstr)
 .stabstr       0x00000000      0x1af c:/program files/atmel/avr tools/avr toolchain/bin/../lib/gcc/avr/4.5.1/../../../../avr/lib/avr25/crttn13a.o

.stab.excl
 *(.stab.excl)

.stab.exclstr
 *(.stab.exclstr)

.stab.index
 *(.stab.index)

.stab.indexstr
 *(.stab.indexstr)

.comment
 *(.comment)

.debug
 *(.debug)

.line
 *(.line)

.debug_srcinfo
 *(.debug_srcinfo)

.debug_sfnames
 *(.debug_sfnames)

.debug_aranges  0x00000000       0x20
 *(.debug_aranges)
 .debug_aranges
                0x00000000       0x20 main.o

.debug_pubnames
                0x00000000      0x1f2
 *(.debug_pubnames)
 .debug_pubnames
                0x00000000      0x1f2 main.o

.debug_info     0x00000000      0x60d
 *(.debug_info)
 .debug_info    0x00000000      0x60d main.o
 *(.gnu.linkonce.wi.*)

.debug_abbrev   0x00000000      0x20d
 *(.debug_abbrev)
 .debug_abbrev  0x00000000      0x20d main.o

.debug_line     0x00000000      0x39c
 *(.debug_line)
 .debug_line    0x00000000      0x39c main.o

.debug_frame    0x00000000       0x80
 *(.debug_frame)
 .debug_frame   0x00000000       0x80 main.o

.debug_str      0x00000000      0x31e
 *(.debug_str)
 .debug_str     0x00000000      0x31e main.o
                                0x35d (size before relaxing)

.debug_loc      0x00000000       0x88
 *(.debug_loc)
 .debug_loc     0x00000000       0x88 main.o

.debug_macinfo
 *(.debug_macinfo)
OUTPUT(testLight.elf elf32-avr)
LOAD linker stubs

.debug_pubtypes
                0x00000000       0x43
 .debug_pubtypes
                0x00000000       0x43 main.o
